<?xml version="1.0" encoding="UTF-8"?>
<testsuites name="jest tests" tests="20" failures="0" errors="0" time="3.446">
  <testsuite name="User Repository Integration Testing" errors="0" failures="0" skipped="0" timestamp="2025-03-29T03:12:29" time="0.877" tests="4">
    <testcase classname="User Repository Integration Testing should create and find user by id" name="User Repository Integration Testing should create and find user by id" time="0.003">
    </testcase>
    <testcase classname="User Repository Integration Testing should create and find user by address" name="User Repository Integration Testing should create and find user by address" time="0">
    </testcase>
    <testcase classname="User Repository Integration Testing should fail finding non-existent user" name="User Repository Integration Testing should fail finding non-existent user" time="0.004">
    </testcase>
    <testcase classname="User Repository Integration Testing should fail creating duplicate user" name="User Repository Integration Testing should fail creating duplicate user" time="0.001">
    </testcase>
  </testsuite>
  <testsuite name="User Repository Unit Testing" errors="0" failures="0" skipped="0" timestamp="2025-03-29T03:12:29" time="0.934" tests="5">
    <testcase classname="User Repository Unit Testing should find user by id" name="User Repository Unit Testing should find user by id" time="0.015">
    </testcase>
    <testcase classname="User Repository Unit Testing should find user by address" name="User Repository Unit Testing should find user by address" time="0.003">
    </testcase>
    <testcase classname="User Repository Unit Testing should create new user" name="User Repository Unit Testing should create new user" time="0.003">
    </testcase>
    <testcase classname="User Repository Unit Testing should fail when user not found" name="User Repository Unit Testing should fail when user not found" time="0.009">
    </testcase>
    <testcase classname="User Repository Unit Testing should fail when creating duplicate user" name="User Repository Unit Testing should fail when creating duplicate user" time="0.006">
    </testcase>
  </testsuite>
  <testsuite name="User Service Integration Testing" errors="0" failures="0" skipped="0" timestamp="2025-03-29T03:12:29" time="0.928" tests="2">
    <testcase classname="User Service Integration Testing should create new user successfully" name="User Service Integration Testing should create new user successfully" time="0.004">
    </testcase>
    <testcase classname="User Service Integration Testing should fail when creating user with existing address" name="User Service Integration Testing should fail when creating user with existing address" time="0.005">
    </testcase>
  </testsuite>
  <testsuite name="User Service Unit Testing" errors="0" failures="0" skipped="0" timestamp="2025-03-29T03:12:29" time="0.784" tests="2">
    <testcase classname="User Service Unit Testing should create user successfully" name="User Service Unit Testing should create user successfully" time="0.009">
    </testcase>
    <testcase classname="User Service Unit Testing should fail when repository throws error" name="User Service Unit Testing should fail when repository throws error" time="0.008">
    </testcase>
  </testsuite>
  <testsuite name="User E2E Testing" errors="0" failures="0" skipped="0" timestamp="2025-03-29T03:12:29" time="1.604" tests="4">
    <testcase classname="User E2E Testing should create new user" name="User E2E Testing should create new user" time="0.037">
    </testcase>
    <testcase classname="User E2E Testing should get user by id" name="User E2E Testing should get user by id" time="0.003">
    </testcase>
    <testcase classname="User E2E Testing should get user by address" name="User E2E Testing should get user by address" time="0.001">
    </testcase>
    <testcase classname="User E2E Testing should fail creating duplicate user" name="User E2E Testing should fail creating duplicate user" time="0.002">
    </testcase>
  </testsuite>
  <testsuite name="User Controller Unit Testing" errors="0" failures="0" skipped="0" timestamp="2025-03-29T03:12:29" time="2.903" tests="3">
    <testcase classname="User Controller Unit Testing should get user by id" name="User Controller Unit Testing should get user by id" time="0.008">
    </testcase>
    <testcase classname="User Controller Unit Testing should get user by address" name="User Controller Unit Testing should get user by address" time="0.002">
    </testcase>
    <testcase classname="User Controller Unit Testing should create new user" name="User Controller Unit Testing should create new user" time="0.003">
    </testcase>
  </testsuite>
</testsuites>